// Jest Snapshot v1, https://goo.gl/fbAQLP

exports[`transformScript 1`] = `
"\\"use strict\\";

Object.defineProperty(exports, \\"__esModule\\", {
  value: true
});
exports.default = void 0;
var _default = {
  data() {
    return {
      greeting: 'Hello'
    };
  }

};
exports.default = _default;"
`;
